// Jest Snapshot v1, https://goo.gl/fbAQLP

exports[`Home (Snapshot) Home component renders Home 1`] = `
<div>
  Home
</div>
`;
