// Jest Snapshot v1, https://goo.gl/fbAQLP

exports[`EntryForm (Snapshot) EntryForm component renders EntryForm 1`] = `
<ReactFinalForm
  onSubmit={[Function]}
  render={[Function]}
/>
`;
