// Jest Snapshot v1, https://goo.gl/fbAQLP

exports[`Footer (Snapshot) Footer component renders footer 1`] = `
<footer
  className="footer"
>
  <div
    className="container"
  >
    <span
      className="text-muted"
    >
      Place sticky footer content here.
    </span>
  </div>
</footer>
`;
