// Jest Snapshot v1, https://goo.gl/fbAQLP

exports[`Events (Snapshot) Events component renders Events 1`] = `
<div>
  <h2>
    Events
  </h2>
  <p>
    A very basic list of events, sourced from the Redux store.
  </p>
  <ul>
    <li>
      Grand Opening
    </li>
    <li>
      Special sale
    </li>
  </ul>
</div>
`;
